// Jest Snapshot v1, https://goo.gl/fbAQLP

exports[`ProjectContainer ProjectContainer component should match the snapshot 1`] = `ShallowWrapper {}`;
